Microchip MPLAB XC8 Compiler V2.50

Linker command line:

-W-3 --edf=/opt/microchip/xc8/v2.50/pic/dat/20240725155939_en.msgs -cn \
  -h+dist/default/debug/16f876_Matr_8x8_dig.X.debug.sym \
  --cmf=dist/default/debug/16f876_Matr_8x8_dig.X.debug.cmf -z -Q16F876 \
  -o/tmp/xcXPoCNca/driver_tmp_3.o --defsym=__MPLAB_BUILD=1 \
  --fixupoverflow=error \
  -Mdist/default/debug/16f876_Matr_8x8_dig.X.debug.map \
  --md=/tmp/xcXPoCNca/driver_tmp_0.dat -E1 -ver=XC8 Compiler --acfsm=1493 \
  -ACODE=00h-07FFhx3,01800h-01EFFh -ASTRCODE=00h-01EFFh \
  -ASTRING=00h-0FFhx31 -ACONST=00h-0FFhx31 -AENTRY=00h-0FFhx31 \
  -ACOMMON=071h-07Fh -ABANK0=020h-06Fh -ABANK1=0A0h-0EFh \
  -ABANK2=0110h-016Fh -ABANK3=0190h-01E4h \
  -ARAM=020h-06Fh,0A0h-0EFh,0110h-016Fh,0190h-01E4h \
  -AABS1=020h-07Fh,0A0h-0EFh,0110h-016Fh,0190h-01EFh -ASFR0=00h-01Fh \
  -ASFR1=080h-09Fh -ASFR2=0100h-010Fh -ASFR3=0180h-018Fh \
  -ACONFIG=02007h-02007h -DCONFIG=2 -AIDLOC=02000h-02003h -DIDLOC=2 \
  -AEEDATA=00h-0FFh/02100h -peeprom_data=EEDATA -DEEDATA=2 -DCODE=2 \
  -DSTRCODE=2 -DSTRING=2 -DCONST=2 -DENTRY=2 \
  -preset_vec=00h,intentry,sivt,init,end_init -ppowerup=CODE -pcinit=CODE \
  -pfunctab=ENTRY -k /tmp/xcXPoCNca/driver_tmp_12.o \
  dist/default/debug/16f876_Matr_8x8_dig.X.debug.o 

Object code version is 3.11

Machine type is 16F876



                Name                               Link     Load   Length Selector   Space Scale
/tmp/xcXPoCNca/driver_tmp_12.o
                end_init                              0        0        3        0       0
                config                             2007     2007        1        0       4
dist/default/debug/16f876_Matr_8x8_dig.X.debug.o
                cinit                               7FC      7FC        4      FF8       0
                config                             2007     2007        1        0       4
                text8                               683      683        B      D06       0
                text7                               6A0      6A0       13      D40       0
                text6                               6B3      6B3       16      D66       0
                text5                               6E6      6E6       40      DCC       0
                text4                               67C      67C        7      CF8       0
                text3                               6C9      6C9       1D      D92       0
                text2                               77A      77A       82      EF4       0
                text1                               68E      68E       12      D1C       0
                maintext                            726      726       54      E4C       0
                cstackBANK0                          20       20        C       20       1
                cstackCOMMON                         71       71        D       71       1
                strings                               3        3       76        6       0

TOTAL           Name                               Link     Load   Length     Space
        CLASS   CODE           
                end_init                              0        0        3         0
                cinit                               7FC      7FC        4         0
                text8                               683      683        B         0
                text7                               6A0      6A0       13         0
                text6                               6B3      6B3       16         0
                text5                               6E6      6E6       40         0
                text4                               67C      67C        7         0
                text3                               6C9      6C9       1D         0
                text2                               77A      77A       82         0
                text1                               68E      68E       12         0
                maintext                            726      726       54         0

        CLASS   STRCODE        

        CLASS   STRING         
                strings                               3        3       76         0

        CLASS   CONST          

        CLASS   ENTRY          

        CLASS   COMMON         
                cstackCOMMON                         71       71        D         1

        CLASS   BANK0          
                cstackBANK0                          20       20        C         1

        CLASS   BANK1          

        CLASS   BANK2          

        CLASS   BANK3          

        CLASS   RAM            

        CLASS   ABS1           
                abs_s1                               7E       7E        2         1

        CLASS   SFR0           

        CLASS   SFR1           

        CLASS   SFR2           

        CLASS   SFR3           

        CLASS   CONFIG         
                config                             2007     2007        1         4

        CLASS   IDLOC          

        CLASS   EEDATA         

        CLASS   HEAP           

        CLASS   STACK          



SEGMENTS        Name                           Load    Length   Top    Selector   Space  Class     Delta

                text6                          0006B3  000016  0006C9       D66       0  CODE        2
                text5                          0006E6  000040  000726       DCC       0  CODE        2
                text3                          0006C9  00001D  0006E6       D92       0  CODE        2
                reset_vec                      000000  000003  000003         0       0  CODE        2
                text7                          0006A0  000013  0006B3       D40       0  CODE        2
                maintext                       000726  000054  00077A       E4C       0  CODE        2
                strings                        000003  000076  000079         6       0  STRING      2
                text8                          000683  00000B  00068E       D06       0  CODE        2
                text4                          00067C  000007  000683       CF8       0  CODE        2
                text1                          00068E  000012  0006A0       D1C       0  CODE        2
                cstackBANK0                    000020  00000C  00002C        20       1  BANK0       1
                cinit                          0007FC  000004  000800       FF8       0  CODE        2
                cstackCOMMON                   000071  00000D  00007E        71       1  COMMON      1
                text2                          00077A  000082  0007FC       EF4       0  CODE        2


UNUSED ADDRESS RANGES

        Name                Unused          Largest block    Delta
        BANK0            002C-006F             44           1
        BANK1            00A0-00EF             50           1
        BANK2            0110-016F             60           1
        BANK3            0190-01E4             55           1
        CODE             0079-067B            603           2
                         0800-1EFF            800
        CONST            0079-067B            100           2
                         0800-1EFF            100
        EEDATA           2100-21FF            100           2
        ENTRY            0079-067B            100           2
                         0800-1EFF            100
        IDLOC            2000-2003              4           2
        RAM              002C-006F             44           1
                         00A0-00EF             50
                         0110-016F             60
                         0190-01E4             55
        SFR0             0000-001F             20           1
        SFR1             0080-009F             20           1
        SFR2             0100-010F             10           1
        SFR3             0180-018F             10           1
        STRCODE          0079-067B            603           2
                         0800-1EFF           1700
        STRING           0079-067B            100           2
                         0800-1EFF            100

                                  Symbol Table

MatrixClear@i                cstackCOMMON 0077
MatrixSendToSegment@data     cstackCOMMON 0074
MatrixSendToSegment@segment  cstackCOMMON 0072
SetPosition@position         cstackCOMMON 0071
SetPosition@x                cstackCOMMON 0073
SetPosition@y                cstackCOMMON 0075
ShowShape@_pos               cstackCOMMON 007A
ShowShape@coord              cstackCOMMON 0075
ShowShape@countElemntArray   cstackCOMMON 0077
ShowShape@pos                cstackCOMMON 007C
ShowShape@shapeArray         cstackCOMMON 0079
SpiSendByte@data             cstackCOMMON 0071
_MatrixClear                 text6        06B3
_MatrixInit                  text5        06E6
_MatrixSendToSegment         text7        06A0
_PORTA                       (abs)        0005
_PORTB                       (abs)        0006
_PortBInit                   text4        067C
_RA5                         (abs)        002D
_SSPBUF                      (abs)        0013
_SSPCON                      (abs)        0014
_SSPIF                       (abs)        0063
_SSPSTAT                     (abs)        0094
_SetPosition                 text3        06C9
_ShowShape                   text2        077A
_SpiInit                     text1        068E
_SpiSendByte                 text8        0683
_TRISA                       (abs)        0085
_TRISB                       (abs)        0086
_TRISC                       (abs)        0087
__H__absolute__              __absolute__ 0000
__Habs1                      abs1         0000
__Hbank0                     bank0        0000
__Hbank1                     bank1        0000
__Hbank2                     bank2        0000
__Hbank3                     bank3        0000
__Hcinit                     cinit        0800
__Hclrtext                   clrtext      0000
__Hcode                      code         0000
__Hcommon                    common       0000
__Hconfig                    config       2008
__HcstackBANK0               cstackBANK0  0000
__HcstackCOMMON              cstackCOMMON 0000
__Heeprom_data               eeprom_data  0000
__Hend_init                  end_init     0003
__Hfunctab                   functab      0000
__Hheap                      heap         0000
__Hinit                      init         0000
__Hintentry                  intentry     0000
__Hmaintext                  maintext     0000
__Hpowerup                   powerup      0000
__Hram                       ram          0000
__Hreset_vec                 reset_vec    0000
__Hsfr0                      sfr0         0000
__Hsfr1                      sfr1         0000
__Hsfr2                      sfr2         0000
__Hsfr3                      sfr3         0000
__Hsivt                      sivt         0000
__Hspace_0                   (abs)        0800
__Hspace_1                   (abs)        007E
__Hspace_2                   (abs)        0000
__Hspace_3                   (abs)        0000
__Hspace_4                   (abs)        400F
__Hstack                     stack        0000
__Hstrings                   strings      0000
__Htext                      text         0000
__L__absolute__              __absolute__ 0000
__Labs1                      abs1         0000
__Lbank0                     bank0        0000
__Lbank1                     bank1        0000
__Lbank2                     bank2        0000
__Lbank3                     bank3        0000
__Lcinit                     cinit        07FC
__Lclrtext                   clrtext      0000
__Lcode                      code         0000
__Lcommon                    common       0000
__Lconfig                    config       0000
__LcstackBANK0               cstackBANK0  0000
__LcstackCOMMON              cstackCOMMON 0000
__Leeprom_data               eeprom_data  0000
__Lend_init                  end_init     0000
__Lfunctab                   functab      0000
__Lheap                      heap         0000
__Linit                      init         0000
__Lintentry                  intentry     0000
__Lmaintext                  maintext     0000
__Lpowerup                   powerup      0000
__Lram                       ram          0000
__Lreset_vec                 reset_vec    0000
__Lsfr0                      sfr0         0000
__Lsfr1                      sfr1         0000
__Lsfr2                      sfr2         0000
__Lsfr3                      sfr3         0000
__Lsivt                      sivt         0000
__Lspace_0                   (abs)        0000
__Lspace_1                   (abs)        0000
__Lspace_2                   (abs)        0000
__Lspace_3                   (abs)        0000
__Lspace_4                   (abs)        0000
__Lstack                     stack        0000
__Lstrings                   strings      0000
__Ltext                      text         0000
__S0                         (abs)        0800
__S1                         (abs)        007E
__S3                         (abs)        0000
___heap_hi                   (abs)        0000
___heap_lo                   (abs)        0000
___int_sp                    stack        0000
___int_stack_hi              stack        0000
___int_stack_lo              stack        0000
___latbits                   (abs)        0002
___sp                        stack        0000
___stack_hi                  stack        0000
___stack_lo                  stack        0000
___stackhi                   (abs)        0000
___stacklo                   (abs)        0000
__end_of_MatrixClear         text6        06C9
__end_of_MatrixInit          text5        0726
__end_of_MatrixSendToSegment text7        06B3
__end_of_PortBInit           text4        0683
__end_of_SetPosition         text3        06E6
__end_of_ShowShape           text2        07FC
__end_of_SpiInit             text1        06A0
__end_of_SpiSendByte         text8        068E
__end_of__initialization     cinit        07FC
__end_of__stringtab          strings      0009
__end_of_main                maintext     077A
__end_of_simvol_0            strings      0071
__end_of_simvol_1            strings      0069
__end_of_simvol_2            strings      0061
__end_of_simvol_3            strings      0059
__end_of_simvol_4            strings      0079
__end_of_simvol_5            strings      0051
__end_of_simvol_6            strings      0049
__end_of_simvol_7            strings      0041
__end_of_simvol_8            strings      0039
__end_of_simvol_9            strings      0031
__end_of_simvol_d_dot        strings      0029
__end_of_simvol_dash         strings      0011
__end_of_simvol_dot          strings      0019
__end_of_simvol_space        strings      0021
__initialization             cinit        07FC
__pcstackBANK0               cstackBANK0  0020
__pcstackCOMMON              cstackCOMMON 0071
__pmaintext                  maintext     0726
__pstrings                   strings      0003
__ptext1                     text1        068E
__ptext2                     text2        077A
__ptext3                     text3        06C9
__ptext4                     text4        067C
__ptext5                     text5        06E6
__ptext6                     text6        06B3
__ptext7                     text7        06A0
__ptext8                     text8        0683
__stringbase                 strings      0008
__stringtab                  strings      0003
_main                        maintext     0726
_simvol_4                    strings      0071
btemp                        (abs)        007E
end_of_initialization        cinit        07FC
intlevel0                    functab      0000
intlevel1                    functab      0000
intlevel2                    functab      0000
intlevel3                    functab      0000
intlevel4                    functab      0000
intlevel5                    functab      0000
main@shapePosition           cstackBANK0  0028
reset_vec                    reset_vec    0000
start                        init         0000
start_initialization         cinit        07FC
wtemp0                       (abs)        007E


MODULE INFORMATION

Module		Function		Class		Link	Load	Size
matrix.c
		_MatrixClear   		CODE           	06B3	0000	22
		_MatrixInit    		CODE           	06E6	0000	64
		_MatrixSendToSegment		CODE           	06A0	0000	19

matrix.c estimated size: 105

spi.c
		_SpiInit       		CODE           	068E	0000	18
		_SpiSendByte   		CODE           	0683	0000	11

spi.c estimated size: 29

shared
		_simvol_dot    		STRING         	0000	0000	0
		_simvol_dash   		STRING         	0000	0000	0
		_simvol_space  		STRING         	0000	0000	0
		_simvol_d_dot  		STRING         	0000	0000	0
		__stringtab    		STRING         	0003	0000	6
		__initialization		CODE           	07FC	0000	1
		_simvol_0      		STRING         	0000	0000	0
		_simvol_1      		STRING         	0000	0000	0
		_simvol_2      		STRING         	0000	0000	0
		_simvol_3      		STRING         	0000	0000	0
		_simvol_4      		STRING         	0071	0000	8
		_simvol_5      		STRING         	0000	0000	0
		_simvol_6      		STRING         	0000	0000	0
		_simvol_7      		STRING         	0000	0000	0
		_simvol_8      		STRING         	0000	0000	0
		_simvol_9      		STRING         	0000	0000	0

shared estimated size: 15

shape.c
		_SetPosition   		CODE           	06C9	0000	29
		_ShowShape     		CODE           	077A	0000	130

shape.c estimated size: 159

portsinit.c
		_PortBInit     		CODE           	067C	0000	7

portsinit.c estimated size: 7

main.c
		_main          		CODE           	0726	0000	84

main.c estimated size: 84

