Microchip MPLAB XC8 Compiler V2.50

Linker command line:

-W-3 --edf=/opt/microchip/xc8/v2.50/pic/dat/20240725155939_en.msgs -cn \
  -h+dist/default/debug/16f876_SPI_MAX7219.X.debug.sym \
  --cmf=dist/default/debug/16f876_SPI_MAX7219.X.debug.cmf -z -Q16F876 \
  -o/tmp/xcXLpbhjp/driver_tmp_3.o --defsym=__MPLAB_BUILD=1 \
  --fixupoverflow=error -Mdist/default/debug/16f876_SPI_MAX7219.X.debug.map \
  --md=/tmp/xcXLpbhjp/driver_tmp_0.dat -E1 -ver=XC8 Compiler --acfsm=1493 \
  -AHEAP=0110h-016Fh -pheap=HEAP -ACODE=00h-07FFhx3,01800h-01EFFh \
  -ASTRCODE=00h-01EFFh -ASTRING=00h-0FFhx31 -ACONST=00h-0FFhx31 \
  -AENTRY=00h-0FFhx31 -ACOMMON=071h-07Fh -ABANK0=020h-06Fh \
  -ABANK1=0A0h-0EFh -ABANK2=0110h-016Fh -ABANK3=0190h-01E4h \
  -ARAM=020h-06Fh,0A0h-0EFh,0110h-016Fh,0190h-01E4h \
  -AABS1=020h-07Fh,0A0h-0EFh,0110h-016Fh,0190h-01EFh -ASFR0=00h-01Fh \
  -ASFR1=080h-09Fh -ASFR2=0100h-010Fh -ASFR3=0180h-018Fh \
  -ACONFIG=02007h-02007h -DCONFIG=2 -AIDLOC=02000h-02003h -DIDLOC=2 \
  -AEEDATA=00h-0FFh/02100h -peeprom_data=EEDATA -DEEDATA=2 -DCODE=2 \
  -DSTRCODE=2 -DSTRING=2 -DCONST=2 -DENTRY=2 \
  -preset_vec=00h,intentry,sivt,init,end_init -ppowerup=CODE -pcinit=CODE \
  -pfunctab=ENTRY -k /tmp/xcXLpbhjp/driver_tmp_12.o \
  dist/default/debug/16f876_SPI_MAX7219.X.debug.o 

Object code version is 3.11

Machine type is 16F876



                Name                               Link     Load   Length Selector   Space Scale
/tmp/xcXLpbhjp/driver_tmp_12.o
                heap                                110      110       60      110       7
                end_init                              0        0        3        0       0
                config                             2007     2007        1        0       4
dist/default/debug/16f876_SPI_MAX7219.X.debug.o
                cinit                               7D8      7D8       28      FB0       0
                config                             2007     2007        1        0       4
                text25                              F08      F08       13     1E10       0
                text24                              EE5      EE5       11     1DCA       0
                text23                              ECF      ECF        B     1D9E       0
                text22                              F44      F44       19     1E88       0
                text21                              EDA      EDA        B     1DB4       0
                text20                              F1B      F1B       13     1E36       0
                text19                              280      280       8E      500       0
                text18                              F2E      F2E       16     1E5C       0
                text17                              129      129       64      252       0
                text16                              202      202       7E      404       0
                text15                                7        7       46        E       0
                text14                              F9B      F9B       25     1F36       0
                text13                               DC       DC       4D      1B8       0
                text12                              652      652      186      CA4       0
                text11                              3B3      3B3       CA      766       0
                text10                              F7A      F7A       21     1EF4       0
                text9                                94       94       48      128       0
                text8                               564      564       EE      AC8       0
                text7                               30E      30E       A5      61C       0
                text6                               18D      18D       75      31A       0
                text5                               47D      47D       E7      8FA       0
                text4                               FC0      FC0       40     1F80       0
                text3                               EC8      EC8        7     1D90       0
                text2                               F5D      F5D       1D     1EBA       0
                text1                               EF6      EF6       12     1DEC       0
                maintext                             4D       4D       47       9A       0
                cstackBANK0                          20       20       49       20       1
                cstackCOMMON                         71       71        D       71       1
                cstackBANK1                          A0       A0        9       A0       1
                dataBANK1                            B1       B1        3       A0       1
                bssBANK1                             A9       A9        8       A0       1
                bssBANK0                             69       69        6       20       1
                strings                             800      800        A     1000       0
                idataBANK1                            4        4        3        8       0

TOTAL           Name                               Link     Load   Length     Space
        CLASS   HEAP           
                heap                                110      110       60         7

        CLASS   CODE           
                end_init                              0        0        3         0
                cinit                               7D8      7D8       28         0
                text25                              F08      F08       13         0
                text24                              EE5      EE5       11         0
                text23                              ECF      ECF        B         0
                text22                              F44      F44       19         0
                text21                              EDA      EDA        B         0
                text20                              F1B      F1B       13         0
                text19                              280      280       8E         0
                text18                              F2E      F2E       16         0
                text17                              129      129       64         0
                text16                              202      202       7E         0
                text15                                7        7       46         0
                text14                              F9B      F9B       25         0
                text13                               DC       DC       4D         0
                text12                              652      652      186         0
                text11                              3B3      3B3       CA         0
                text10                              F7A      F7A       21         0
                text9                                94       94       48         0
                text8                               564      564       EE         0
                text7                               30E      30E       A5         0
                text6                               18D      18D       75         0
                text5                               47D      47D       E7         0
                text4                               FC0      FC0       40         0
                text3                               EC8      EC8        7         0
                text2                               F5D      F5D       1D         0
                text1                               EF6      EF6       12         0
                maintext                             4D       4D       47         0
                idataBANK1                            4        4        3         0

        CLASS   STRCODE        

        CLASS   STRING         
                strings                             800      800        A         0

        CLASS   CONST          

        CLASS   ENTRY          

        CLASS   COMMON         
                cstackCOMMON                         71       71        D         1

        CLASS   BANK0          
                cstackBANK0                          20       20       49         1
                bssBANK0                             69       69        6         1

        CLASS   BANK1          
                cstackBANK1                          A0       A0        9         1
                dataBANK1                            B1       B1        3         1
                bssBANK1                             A9       A9        8         1

        CLASS   BANK2          

        CLASS   BANK3          

        CLASS   RAM            

        CLASS   ABS1           
                abs_s1                               7E       7E        2         1

        CLASS   SFR0           

        CLASS   SFR1           

        CLASS   SFR2           

        CLASS   SFR3           

        CLASS   CONFIG         
                config                             2007     2007        1         4

        CLASS   IDLOC          

        CLASS   EEDATA         

        CLASS   STACK          



SEGMENTS        Name                           Load    Length   Top    Selector   Space  Class     Delta

                text15                         000007  000046  00004D         E       0  CODE        2
                maintext                       00004D  000047  000094        9A       0  CODE        2
                text9                          000094  000048  0000DC       128       0  CODE        2
                text10                         000F7A  000021  000F9B      1EF4       0  CODE        2
                text14                         000F9B  000025  000FC0      1F36       0  CODE        2
                text4                          000FC0  000040  001000      1F80       0  CODE        2
                text16                         000202  00007E  000280       404       0  CODE        2
                text19                         000280  00008E  00030E       500       0  CODE        2
                text7                          00030E  0000A5  0003B3       61C       0  CODE        2
                text13                         0000DC  00004D  000129       1B8       0  CODE        2
                text17                         000129  000064  00018D       252       0  CODE        2
                text6                          00018D  000075  000202       31A       0  CODE        2
                text23                         000ECF  00000B  000EDA      1D9E       0  CODE        2
                text21                         000EDA  00000B  000EE5      1DB4       0  CODE        2
                text24                         000EE5  000011  000EF6      1DCA       0  CODE        2
                idataBANK1                     000004  000003  000007         8       0  CODE        2
                text3                          000EC8  000007  000ECF      1D90       0  CODE        2
                strings                        000800  00000A  00080A      1000       0  STRING      2
                text18                         000F2E  000016  000F44      1E5C       0  CODE        2
                text22                         000F44  000019  000F5D      1E88       0  CODE        2
                text2                          000F5D  00001D  000F7A      1EBA       0  CODE        2
                text1                          000EF6  000012  000F08      1DEC       0  CODE        2
                text25                         000F08  000013  000F1B      1E10       0  CODE        2
                text20                         000F1B  000013  000F2E      1E36       0  CODE        2
                reset_vec                      000000  000003  000003         0       0  CODE        2
                cstackCOMMON                   000071  00000D  00007E        71       1  COMMON      1
                cinit                          0007D8  000028  000800       FB0       0  CODE        2
                heap                           000110  000060  000170       110       7  HEAP        1
                text8                          000564  0000EE  000652       AC8       0  CODE        2
                text12                         000652  000186  0007D8       CA4       0  CODE        2
                text11                         0003B3  0000CA  00047D       766       0  CODE        2
                text5                          00047D  0000E7  000564       8FA       0  CODE        2
                cstackBANK1                    0000A0  000014  0000B4        A0       1  BANK1       1
                cstackBANK0                    000020  00004F  00006F        20       1  BANK0       1


UNUSED ADDRESS RANGES

        Name                Unused          Largest block    Delta
        BANK0            006F-006F              1           1
        BANK1            00B4-00EF             3C           1
        BANK2            0110-016F             60           1
        BANK3            0190-01E4             55           1
        CODE             0003-0003              1           2
                         080A-0EC7            6BE
                         1000-1EFF            800
        CONST            0003-0003              1           2
                         080A-0EC7            100
                         1000-1EFF            100
        EEDATA           2100-21FF            100           2
        ENTRY            0003-0003              1           2
                         080A-0EC7            100
                         1000-1EFF            100
        IDLOC            2000-2003              4           2
        RAM              006F-006F              1           1
                         00B4-00EF             3C
                         0110-016F             60
                         0190-01E4             55
        SFR0             0000-001F             20           1
        SFR1             0080-009F             20           1
        SFR2             0100-010F             10           1
        SFR3             0180-018F             10           1
        STRCODE          0003-0003              1           2
                         080A-0EC7            6BE
                         1000-1EFF            F00
        STRING           0003-0003              1           2
                         080A-0EC7            100
                         1000-1EFF            100

                                  Symbol Table

?___expand_heap                       cstackCOMMON 0071
?___simple_search_fl                  cstackCOMMON 0071
?___wmul                              cstackCOMMON 0071
?_calloc                              cstackBANK0  0038
?_malloc                              cstackCOMMON 0079
ChangeOfCoordinates@_countElemntArray cstackBANK0  005E
ChangeOfCoordinates@_figure           cstackBANK0  005D
ChangeOfCoordinates@_shapePosition    cstackBANK0  005B
ChangeOfCoordinates@i                 cstackBANK0  0063
ChangeOfCoordinates@rotateArray       cstackBANK0  0067
ChangeOfCoordinates@step              cstackBANK0  0065
CopyArray@array_                      cstackCOMMON 0071
CopyArray@countElemntArray            cstackCOMMON 0075
CopyArray@res                         cstackCOMMON 0073
CopyArray@y                           cstackBANK0  0020
MovieDown@_shapePosition              cstackCOMMON 0071
MovieLeft@_shapePosition              cstackCOMMON 0071
MovieRigth@_shapePosition             cstackCOMMON 0071
MovieShape@_shapePosition             cstackBANK0  002A
MovieShape@countElemntArray           cstackBANK0  002E
MovieShape@dir                        cstackCOMMON 007D
MovieShape@shapeArray                 cstackBANK0  002C
MovieUp@_shapePosition                cstackCOMMON 0071
Reverse@array_                        cstackCOMMON 0071
Reverse@countElemntArray              cstackCOMMON 0073
Reverse@i                             cstackBANK0  0021
Reverse@j                             cstackBANK0  0023
Reverse@t                             cstackBANK0  0020
Rotate@_i                             cstackBANK0  0051
Rotate@array_                         cstackBANK0  003E
Rotate@countElemntArray               cstackBANK0  0040
Rotate@i                              cstackBANK0  004D
Rotate@res                            cstackBANK0  004F
Rotate@x                              cstackBANK0  004B
RotateDirection@_countElemntArray     cstackBANK0  0057
RotateDirection@array_                cstackBANK0  0055
RotateDirection@i                     cstackBANK0  0059
RotateDirection@step                  cstackBANK0  0053
SendToSegment@data                    cstackCOMMON 0074
SendToSegment@segment                 cstackCOMMON 0072
SetPosition@position                  cstackCOMMON 0071
SetPosition@x                         cstackCOMMON 0073
SetPosition@y                         cstackCOMMON 0075
ShowShape@_pos                        cstackBANK0  0026
ShowShape@coord                       cstackCOMMON 0075
ShowShape@countElemntArray            cstackCOMMON 0077
ShowShape@pos                         cstackBANK0  0028
ShowShape@shapeArray                  cstackCOMMON 0079
SpiClearMatrix@i                      cstackCOMMON 0077
SpiSendByte@data                      cstackCOMMON 0071
_ChangeOfCoordinates                  text5        047D
_CopyArray                            text15       0007
_MatrixInit                           text4        0FC0
_MovieDown                            text25       0F08
_MovieLeft                            text24       0EE5
_MovieRigth                           text23       0ECF
_MovieShape                           text17       0129
_MovieUp                              text22       0F44
_PORTA                                (abs)        0005
_PORTB                                (abs)        0006
_PortBInit                            text3        0EC8
_RA5                                  (abs)        002D
_Reverse                              text16       0202
_Rotate                               text7        030E
_RotateDirection                      text6        018D
_SSPBUF                               (abs)        0013
_SSPCON                               (abs)        0014
_SSPIF                                (abs)        0063
_SSPSTAT                              (abs)        0094
_SendToSegment                        text20       0F1B
_SetPosition                          text2        0F5D
_ShowShape                            text19       0280
_SpiClearMatrix                       text18       0F2E
_SpiInit                              text1        0EF6
_SpiSendByte                          text21       0EDA
_TRISA                                (abs)        0085
_TRISB                                (abs)        0086
_TRISC                                (abs)        0087
__H__absolute__                       __absolute__ 0000
__Habs1                               abs1         0000
__Hbank0                              bank0        0000
__Hbank1                              bank1        0000
__Hbank2                              bank2        0000
__Hbank3                              bank3        0000
__HbssBANK0                           bssBANK0     0000
__HbssBANK1                           bssBANK1     0000
__Hcinit                              cinit        0800
__Hclrtext                            clrtext      0000
__Hcode                               code         0000
__Hcommon                             common       0000
__Hconfig                             config       2008
__HcstackBANK0                        cstackBANK0  0000
__HcstackBANK1                        cstackBANK1  0000
__HcstackCOMMON                       cstackCOMMON 0000
__HdataBANK1                          dataBANK1    0000
__Heeprom_data                        eeprom_data  0000
__Hend_init                           end_init     0003
__Hfunctab                            functab      0000
__Hheap                               heap         0170
__HidataBANK1                         idataBANK1   0000
__Hinit                               init         0000
__Hintentry                           intentry     0000
__Hmaintext                           maintext     0000
__Hpowerup                            powerup      0000
__Hram                                ram          0000
__Hreset_vec                          reset_vec    0000
__Hsfr0                               sfr0         0000
__Hsfr1                               sfr1         0000
__Hsfr2                               sfr2         0000
__Hsfr3                               sfr3         0000
__Hsivt                               sivt         0000
__Hspace_0                            (abs)        1000
__Hspace_1                            (abs)        00B4
__Hspace_2                            (abs)        0000
__Hspace_3                            (abs)        0000
__Hspace_4                            (abs)        400F
__Hstack                              stack        0000
__Hstrings                            strings      0000
__Htext                               text         0000
__L__absolute__                       __absolute__ 0000
__Labs1                               abs1         0000
__Lbank0                              bank0        0000
__Lbank1                              bank1        0000
__Lbank2                              bank2        0000
__Lbank3                              bank3        0000
__LbssBANK0                           bssBANK0     0000
__LbssBANK1                           bssBANK1     0000
__Lcinit                              cinit        07D8
__Lclrtext                            clrtext      0000
__Lcode                               code         0000
__Lcommon                             common       0000
__Lconfig                             config       0000
__LcstackBANK0                        cstackBANK0  0000
__LcstackBANK1                        cstackBANK1  0000
__LcstackCOMMON                       cstackCOMMON 0000
__LdataBANK1                          dataBANK1    0000
__Leeprom_data                        eeprom_data  0000
__Lend_init                           end_init     0000
__Lfunctab                            functab      0000
__Lheap                               heap         0110
__LidataBANK1                         idataBANK1   0000
__Linit                               init         0000
__Lintentry                           intentry     0000
__Lmaintext                           maintext     0000
__Lpowerup                            powerup      0000
__Lram                                ram          0000
__Lreset_vec                          reset_vec    0000
__Lsfr0                               sfr0         0000
__Lsfr1                               sfr1         0000
__Lsfr2                               sfr2         0000
__Lsfr3                               sfr3         0000
__Lsivt                               sivt         0000
__Lspace_0                            (abs)        0000
__Lspace_1                            (abs)        0000
__Lspace_2                            (abs)        0000
__Lspace_3                            (abs)        0000
__Lspace_4                            (abs)        0000
__Lstack                              stack        0000
__Lstrings                            strings      0000
__Ltext                               text         0000
__S0                                  (abs)        1000
__S1                                  (abs)        00B4
__S3                                  (abs)        0000
__S7                                  (abs)        0170
___expand_heap                        text13       00DC
___expand_heap@n                      cstackCOMMON 0072
___expand_heap@new_brkp               cstackCOMMON 0074
___expand_heap@pn                     cstackCOMMON 0071
___freelist                           bssBANK0     006D
___heap_hi                            heap         0170
___heap_lo                            heap         0110
___int_sp                             stack        0000
___int_stack_hi                       stack        0000
___int_stack_lo                       stack        0000
___latbits                            (abs)        0002
___simple_search_fl                   text12       0652
___simple_search_fl@best              cstackBANK0  002C
___simple_search_fl@best_last         cstackBANK0  0022
___simple_search_fl@c                 cstackBANK0  002A
___simple_search_fl@last              cstackBANK0  0026
___simple_search_fl@n                 cstackCOMMON 0071
___simple_search_fl@next              cstackBANK0  0028
___simple_search_fl@remaining_size    cstackBANK0  0020
___simple_search_fl@split             cstackBANK0  0024
___sp                                 stack        0000
___stack_hi                           stack        0000
___stack_lo                           stack        0000
___stackhi                            (abs)        0000
___stacklo                            (abs)        0000
___wmul                               text14       0F9B
___wmul@multiplicand                  cstackCOMMON 0073
___wmul@multiplier                    cstackCOMMON 0071
___wmul@product                       cstackCOMMON 0075
__end_ofChangeOfCoordinates@delay     strings      080A
__end_of_ChangeOfCoordinates          text5        0564
__end_of_CopyArray                    text15       004D
__end_of_MatrixInit                   text4        1000
__end_of_MovieDown                    text25       0F1B
__end_of_MovieLeft                    text24       0EF6
__end_of_MovieRigth                   text23       0EDA
__end_of_MovieShape                   text17       018D
__end_of_MovieUp                      text22       0F5D
__end_of_PortBInit                    text3        0ECF
__end_of_Reverse                      text16       0280
__end_of_Rotate                       text7        03B3
__end_of_RotateDirection              text6        0202
__end_of_SendToSegment                text20       0F2E
__end_of_SetPosition                  text2        0F7A
__end_of_ShowShape                    text19       030E
__end_of_SpiClearMatrix               text18       0F44
__end_of_SpiInit                      text1        0F08
__end_of_SpiSendByte                  text21       0EE5
__end_of___expand_heap                text13       0129
__end_of___simple_search_fl           text12       07D8
__end_of___wmul                       text14       0FC0
__end_of__initialization              cinit        07FC
__end_of__stringtab                   strings      0806
__end_of_calloc                       text9        00DC
__end_of_free                         text8        0652
__end_of_main                         maintext     0094
__end_of_malloc                       text11       047D
__end_of_memset                       text10       0F9B
__initialization                      cinit        07D8
__pbssBANK0                           bssBANK0     0069
__pbssBANK1                           bssBANK1     00A9
__pcstackBANK0                        cstackBANK0  0020
__pcstackBANK1                        cstackBANK1  00A0
__pcstackCOMMON                       cstackCOMMON 0071
__pdataBANK1                          dataBANK1    00B1
__pidataBANK1                         idataBANK1   0004
__pmaintext                           maintext     004D
__pstrings                            strings      0800
__ptext1                              text1        0EF6
__ptext10                             text10       0F7A
__ptext11                             text11       03B3
__ptext12                             text12       0652
__ptext13                             text13       00DC
__ptext14                             text14       0F9B
__ptext15                             text15       0007
__ptext16                             text16       0202
__ptext17                             text17       0129
__ptext18                             text18       0F2E
__ptext19                             text19       0280
__ptext2                              text2        0F5D
__ptext20                             text20       0F1B
__ptext21                             text21       0EDA
__ptext22                             text22       0F44
__ptext23                             text23       0ECF
__ptext24                             text24       0EE5
__ptext25                             text25       0F08
__ptext3                              text3        0EC8
__ptext4                              text4        0FC0
__ptext5                              text5        047D
__ptext6                              text6        018D
__ptext7                              text7        030E
__ptext8                              text8        0564
__ptext9                              text9        0094
__stringbase                          strings      0805
__stringtab                           strings      0800
_brkp                                 bssBANK0     0069
_calloc                               text9        0094
_errno                                bssBANK1     00AF
_free                                 text8        0564
_main                                 maintext     004D
_malloc                               text11       03B3
_memset                               text10       0F7A
btemp                                 (abs)        007E
calloc@new_ptr                        cstackBANK0  003C
calloc@nmemb                          cstackBANK0  0038
calloc@size                           cstackBANK0  003A
end_of_initialization                 cinit        07FC
free@c                                cstackCOMMON 007B
free@cptr                             cstackCOMMON 0079
free@ptr                              cstackCOMMON 0071
intlevel0                             functab      0000
intlevel1                             functab      0000
intlevel2                             functab      0000
intlevel3                             functab      0000
intlevel4                             functab      0000
intlevel5                             functab      0000
main@F932                             dataBANK1    00B1
main@countElemntArray                 cstackBANK1  00A3
main@shapePosition                    cstackBANK1  00A5
main@square_1                         cstackBANK1  00A0
malloc@cur                            bssBANK0     006B
malloc@end                            bssBANK1     00AD
malloc@lock                           bssBANK1     00A9
malloc@m                              cstackBANK0  002E
malloc@n                              cstackCOMMON 0079
malloc@new                            cstackBANK0  0036
malloc@p                              cstackBANK0  0034
malloc@size                           cstackBANK0  0032
malloc@sz                             cstackBANK0  0030
memset@c                              cstackCOMMON 0079
memset@dest                           cstackCOMMON 0077
memset@n                              cstackCOMMON 007B
memset@p                              cstackBANK0  0020
reset_vec                             reset_vec    0000
start                                 init         0000
start_initialization                  cinit        07D8
wtemp0                                (abs)        007E


MODULE INFORMATION

Module		Function		Class		Link	Load	Size
/opt/microchip/xc8/v2.50/pic/sources/c99/common/lite_malloc.c
		_malloc        		CODE           	03B3	0000	202

/opt/microchip/xc8/v2.50/pic/sources/c99/common/lite_malloc.c estimated size: 202

/opt/microchip/xc8/v2.50/pic/sources/c99/common/memset.c
		_memset        		CODE           	0F7A	0000	33

/opt/microchip/xc8/v2.50/pic/sources/c99/common/memset.c estimated size: 33

matrix.c
		_SendToSegment 		CODE           	0F1B	0000	19
		_MatrixInit    		CODE           	0FC0	0000	64
		_SpiClearMatrix		CODE           	0F2E	0000	22

matrix.c estimated size: 105

/opt/microchip/xc8/v2.50/pic/sources/c99/common/Umul16.c
		___wmul        		CODE           	0F9B	0000	37

/opt/microchip/xc8/v2.50/pic/sources/c99/common/Umul16.c estimated size: 37

/opt/microchip/xc8/v2.50/pic/sources/c99/common/lite_free.c
		___simple_search_fl		CODE           	0652	0000	390
		_free          		CODE           	0564	0000	238

/opt/microchip/xc8/v2.50/pic/sources/c99/common/lite_free.c estimated size: 628

spi.c
		_SpiInit       		CODE           	0EF6	0000	18
		_SpiSendByte   		CODE           	0EDA	0000	11

spi.c estimated size: 29

shared
		__stringtab    		STRING         	0800	0000	6
		__initialization		CODE           	07D8	0000	36
		ChangeOfCoordinates@delay		STRING         	0000	0000	0

shared estimated size: 42

shape.c
		_MovieUp       		CODE           	0F44	0000	25
		_MovieRigth    		CODE           	0ECF	0000	11
		_CopyArray     		CODE           	0007	0000	70
		_Rotate        		CODE           	030E	0000	165
		_MovieLeft     		CODE           	0EE5	0000	17
		_MovieDown     		CODE           	0F08	0000	19
		_Reverse       		CODE           	0202	0000	126
		_MovieShape    		CODE           	0129	0000	100
		_SetPosition   		CODE           	0F5D	0000	29
		_ShowShape     		CODE           	0280	0000	142

shape.c estimated size: 704

portsinit.c
		_PortBInit     		CODE           	0EC8	0000	7

portsinit.c estimated size: 7

/opt/microchip/xc8/v2.50/pic/sources/c99/common/lite_calloc.c
		_calloc        		CODE           	0094	0000	72

/opt/microchip/xc8/v2.50/pic/sources/c99/common/lite_calloc.c estimated size: 72

/opt/microchip/xc8/v2.50/pic/sources/c99/common/expand_heap.c
		___expand_heap 		CODE           	00DC	0000	77

/opt/microchip/xc8/v2.50/pic/sources/c99/common/expand_heap.c estimated size: 77

main.c
		_main          		CODE           	004D	0000	71
		_RotateDirection		CODE           	018D	0000	117
		_ChangeOfCoordinates		CODE           	047D	0000	231

main.c estimated size: 419

