Microchip MPLAB XC8 Compiler V2.50

Linker command line:

-W-3 --edf=/opt/microchip/xc8/v2.50/pic/dat/20240725155939_en.msgs -cn \
  -h+dist/default/debug/16f876_SPI_MAX7219.X.debug.sym \
  --cmf=dist/default/debug/16f876_SPI_MAX7219.X.debug.cmf -z -Q16F876 \
  -o/tmp/xcXHMfccj/driver_tmp_3.o --defsym=__MPLAB_BUILD=1 \
  --fixupoverflow=error -Mdist/default/debug/16f876_SPI_MAX7219.X.debug.map \
  --md=/tmp/xcXHMfccj/driver_tmp_0.dat -E1 -ver=XC8 Compiler --acfsm=1493 \
  -AHEAP=0110h-016Fh -pheap=HEAP -ACODE=00h-07FFhx3,01800h-01EFFh \
  -ASTRCODE=00h-01EFFh -ASTRING=00h-0FFhx31 -ACONST=00h-0FFhx31 \
  -AENTRY=00h-0FFhx31 -ACOMMON=071h-07Fh -ABANK0=020h-06Fh \
  -ABANK1=0A0h-0EFh -ABANK2=0110h-016Fh -ABANK3=0190h-01E4h \
  -ARAM=020h-06Fh,0A0h-0EFh,0110h-016Fh,0190h-01E4h \
  -AABS1=020h-07Fh,0A0h-0EFh,0110h-016Fh,0190h-01EFh -ASFR0=00h-01Fh \
  -ASFR1=080h-09Fh -ASFR2=0100h-010Fh -ASFR3=0180h-018Fh \
  -ACONFIG=02007h-02007h -DCONFIG=2 -AIDLOC=02000h-02003h -DIDLOC=2 \
  -AEEDATA=00h-0FFh/02100h -peeprom_data=EEDATA -DEEDATA=2 -DCODE=2 \
  -DSTRCODE=2 -DSTRING=2 -DCONST=2 -DENTRY=2 \
  -preset_vec=00h,intentry,sivt,init,end_init -ppowerup=CODE -pcinit=CODE \
  -pfunctab=ENTRY -k /tmp/xcXHMfccj/driver_tmp_12.o \
  dist/default/debug/16f876_SPI_MAX7219.X.debug.o 

Object code version is 3.11

Machine type is 16F876



                Name                               Link     Load   Length Selector   Space Scale
/tmp/xcXHMfccj/driver_tmp_12.o
                heap                                110      110       60      110       7
                end_init                              0        0        3        0       0
                config                             2007     2007        1        0       4
dist/default/debug/16f876_SPI_MAX7219.X.debug.o
                cinit                               7D8      7D8       28      FB0       0
                config                             2007     2007        1        0       4
                text23                               1C       1C       13       38       0
                text22                              FEF      FEF       11     1FDE       0
                text21                              FD9      FD9        B     1FB2       0
                text20                               58       58       19       B0       0
                text19                              FE4      FE4        B     1FC8       0
                text18                               2F       2F       13       5E       0
                text17                              295      295       81      52A       0
                text16                               42       42       16       84       0
                text15                              239      239       5C      472       0
                text14                              114      114       43      228       0
                text13                               AF       AF       25      15E       0
                text12                              19F      19F       4D      33E       0
                text11                              652      652      186      CA4       0
                text10                              49A      49A       CA      934       0
                text9                                8E       8E       21      11C       0
                text8                               157      157       48      2AE       0
                text7                               564      564       EE      AC8       0
                text6                               316      316       BD      62C       0
                text5                               3D3      3D3       C7      7A6       0
                text4                                D4       D4       40      1A8       0
                text3                                 3        3        7        0       0
                text2                                71       71       1D       E2       0
                text1                                 A        A       12       14       0
                maintext                            1EC      1EC       4D      3D8       0
                cstackBANK0                          20       20       49       20       1
                cstackCOMMON                         71       71        D       71       1
                dataBANK1                            A8       A8        3       A0       1
                bssBANK1                             A0       A0        8       A0       1
                bssBANK0                             69       69        6       20       1
                strings                             800      800        A     1000       0
                idataBANK1                          FD6      FD6        3     1FAC       0

TOTAL           Name                               Link     Load   Length     Space
        CLASS   HEAP           
                heap                                110      110       60         7

        CLASS   CODE           
                end_init                              0        0        3         0
                cinit                               7D8      7D8       28         0
                text23                               1C       1C       13         0
                text22                              FEF      FEF       11         0
                text21                              FD9      FD9        B         0
                text20                               58       58       19         0
                text19                              FE4      FE4        B         0
                text18                               2F       2F       13         0
                text17                              295      295       81         0
                text16                               42       42       16         0
                text15                              239      239       5C         0
                text14                              114      114       43         0
                text13                               AF       AF       25         0
                text12                              19F      19F       4D         0
                text11                              652      652      186         0
                text10                              49A      49A       CA         0
                text9                                8E       8E       21         0
                text8                               157      157       48         0
                text7                               564      564       EE         0
                text6                               316      316       BD         0
                text5                               3D3      3D3       C7         0
                text4                                D4       D4       40         0
                text3                                 3        3        7         0
                text2                                71       71       1D         0
                text1                                 A        A       12         0
                maintext                            1EC      1EC       4D         0
                idataBANK1                          FD6      FD6        3         0

        CLASS   STRCODE        

        CLASS   STRING         
                strings                             800      800        A         0

        CLASS   CONST          

        CLASS   ENTRY          

        CLASS   COMMON         
                cstackCOMMON                         71       71        D         1

        CLASS   BANK0          
                cstackBANK0                          20       20       49         1
                bssBANK0                             69       69        6         1

        CLASS   BANK1          
                dataBANK1                            A8       A8        3         1
                bssBANK1                             A0       A0        8         1

        CLASS   BANK2          

        CLASS   BANK3          

        CLASS   RAM            

        CLASS   ABS1           
                abs_s1                               7E       7E        2         1

        CLASS   SFR0           

        CLASS   SFR1           

        CLASS   SFR2           

        CLASS   SFR3           

        CLASS   CONFIG         
                config                             2007     2007        1         4

        CLASS   IDLOC          

        CLASS   EEDATA         

        CLASS   STACK          



SEGMENTS        Name                           Load    Length   Top    Selector   Space  Class     Delta

                text14                         000114  000043  000157       228       0  CODE        2
                text8                          000157  000048  00019F       2AE       0  CODE        2
                text4                          0000D4  000040  000114       1A8       0  CODE        2
                text9                          00008E  000021  0000AF       11C       0  CODE        2
                text13                         0000AF  000025  0000D4       15E       0  CODE        2
                text12                         00019F  00004D  0001EC       33E       0  CODE        2
                text6                          000316  0000BD  0003D3       62C       0  CODE        2
                text5                          0003D3  0000C7  00049A       7A6       0  CODE        2
                text17                         000295  000081  000316       52A       0  CODE        2
                maintext                       0001EC  00004D  000239       3D8       0  CODE        2
                text15                         000239  00005C  000295       472       0  CODE        2
                text19                         000FE4  00000B  000FEF      1FC8       0  CODE        2
                text22                         000FEF  000011  001000      1FDE       0  CODE        2
                text21                         000FD9  00000B  000FE4      1FB2       0  CODE        2
                idataBANK1                     000FD6  000003  000FD9      1FAC       0  CODE        2
                strings                        000800  00000A  00080A      1000       0  STRING      2
                text1                          00000A  000012  00001C        14       0  CODE        2
                text20                         000058  000019  000071        B0       0  CODE        2
                text2                          000071  00001D  00008E        E2       0  CODE        2
                text16                         000042  000016  000058        84       0  CODE        2
                text23                         00001C  000013  00002F        38       0  CODE        2
                text18                         00002F  000013  000042        5E       0  CODE        2
                text10                         00049A  0000CA  000564       934       0  CODE        2
                reset_vec                      000000  00000A  00000A         0       0  CODE        2
                cstackCOMMON                   000071  00000D  00007E        71       1  COMMON      1
                heap                           000110  000060  000170       110       7  HEAP        1
                cinit                          0007D8  000028  000800       FB0       0  CODE        2
                text11                         000652  000186  0007D8       CA4       0  CODE        2
                text7                          000564  0000EE  000652       AC8       0  CODE        2
                cstackBANK0                    000020  00004F  00006F        20       1  BANK0       1
                bssBANK1                       0000A0  00000B  0000AB        A0       1  BANK1       1


UNUSED ADDRESS RANGES

        Name                Unused          Largest block    Delta
        BANK0            006F-006F              1           1
        BANK1            00AB-00EF             45           1
        BANK2            0110-016F             60           1
        BANK3            0190-01E4             55           1
        CODE             080A-0FD5            7CC           2
                         1000-1EFF            800
        CONST            080A-0FD5            100           2
                         1000-1EFF            100
        EEDATA           2100-21FF            100           2
        ENTRY            080A-0FD5            100           2
                         1000-1EFF            100
        IDLOC            2000-2003              4           2
        RAM              006F-006F              1           1
                         00AB-00EF             45
                         0110-016F             60
                         0190-01E4             55
        SFR0             0000-001F             20           1
        SFR1             0080-009F             20           1
        SFR2             0100-010F             10           1
        SFR3             0180-018F             10           1
        STRCODE          080A-0FD5            7CC           2
                         1000-1EFF            F00
        STRING           080A-0FD5            100           2
                         1000-1EFF            100

                                  Symbol Table

?___expand_heap                       cstackCOMMON 0071
?___simple_search_fl                  cstackCOMMON 0071
?___wmul                              cstackCOMMON 0071
?_calloc                              cstackBANK0  0038
?_malloc                              cstackCOMMON 0079
ChangeOfCoordinates@_countElemntArray cstackBANK0  0055
ChangeOfCoordinates@_figure           cstackBANK0  0054
ChangeOfCoordinates@_reverse          cstackBANK0  0057
ChangeOfCoordinates@_shapePosition    cstackBANK0  0052
ChangeOfCoordinates@i                 cstackBANK0  005B
ChangeOfCoordinates@step              cstackBANK0  005D
MovieDown@_shapePosition              cstackCOMMON 0071
MovieLeft@_shapePosition              cstackCOMMON 0071
MovieRigth@_shapePosition             cstackCOMMON 0071
MovieShape@_shapePosition             cstackBANK0  0025
MovieShape@countElemntArray           cstackBANK0  0028
MovieShape@dir                        cstackBANK0  002C
MovieShape@shapeArray                 cstackBANK0  0027
MovieUp@_shapePosition                cstackCOMMON 0071
Reverse@array                         cstackCOMMON 0071
Reverse@countElemnt                   cstackCOMMON 0072
Reverse@i                             cstackCOMMON 0078
Reverse@j                             cstackCOMMON 007A
Reverse@t                             cstackCOMMON 0077
Rotate@_i                             cstackBANK0  0050
Rotate@array_                         cstackBANK0  003E
Rotate@i                              cstackBANK0  004A
Rotate@length                         cstackBANK0  003F
Rotate@res                            cstackBANK0  004E
Rotate@x                              cstackBANK0  0048
Rotate@y                              cstackBANK0  004C
SendToSegment@data                    cstackCOMMON 0074
SendToSegment@segment                 cstackCOMMON 0072
SetPosition@position                  cstackCOMMON 0071
SetPosition@x                         cstackCOMMON 0073
SetPosition@y                         cstackCOMMON 0075
ShowShape@_pos                        cstackCOMMON 007A
ShowShape@coord                       cstackCOMMON 0075
ShowShape@countElemntArray            cstackCOMMON 0077
ShowShape@pos                         cstackCOMMON 007C
ShowShape@shapeArray                  cstackCOMMON 0079
SpiClearMatrix@i                      cstackCOMMON 0077
SpiSendByte@data                      cstackCOMMON 0071
_ChangeOfCoordinates                  text5        03D3
_MatrixInit                           text4        00D4
_MovieDown                            text23       001C
_MovieLeft                            text22       0FEF
_MovieRigth                           text21       0FD9
_MovieShape                           text15       0239
_MovieUp                              text20       0058
_PORTA                                (abs)        0005
_PORTB                                (abs)        0006
_PortBInit                            text3        0003
_RA5                                  (abs)        002D
_Reverse                              text14       0114
_Rotate                               text6        0316
_SSPBUF                               (abs)        0013
_SSPCON                               (abs)        0014
_SSPIF                                (abs)        0063
_SSPSTAT                              (abs)        0094
_SendToSegment                        text18       002F
_SetPosition                          text2        0071
_ShowShape                            text17       0295
_SpiClearMatrix                       text16       0042
_SpiInit                              text1        000A
_SpiSendByte                          text19       0FE4
_TRISA                                (abs)        0085
_TRISB                                (abs)        0086
_TRISC                                (abs)        0087
__H__absolute__                       __absolute__ 0000
__Habs1                               abs1         0000
__Hbank0                              bank0        0000
__Hbank1                              bank1        0000
__Hbank2                              bank2        0000
__Hbank3                              bank3        0000
__HbssBANK0                           bssBANK0     0000
__HbssBANK1                           bssBANK1     0000
__Hcinit                              cinit        0800
__Hclrtext                            clrtext      0000
__Hcode                               code         0000
__Hcommon                             common       0000
__Hconfig                             config       2008
__HcstackBANK0                        cstackBANK0  0000
__HcstackCOMMON                       cstackCOMMON 0000
__HdataBANK1                          dataBANK1    0000
__Heeprom_data                        eeprom_data  0000
__Hend_init                           end_init     0003
__Hfunctab                            functab      0000
__Hheap                               heap         0170
__HidataBANK1                         idataBANK1   0000
__Hinit                               init         0000
__Hintentry                           intentry     0000
__Hmaintext                           maintext     0000
__Hpowerup                            powerup      0000
__Hram                                ram          0000
__Hreset_vec                          reset_vec    0000
__Hsfr0                               sfr0         0000
__Hsfr1                               sfr1         0000
__Hsfr2                               sfr2         0000
__Hsfr3                               sfr3         0000
__Hsivt                               sivt         0000
__Hspace_0                            (abs)        1000
__Hspace_1                            (abs)        00AB
__Hspace_2                            (abs)        0000
__Hspace_3                            (abs)        0000
__Hspace_4                            (abs)        400F
__Hstack                              stack        0000
__Hstrings                            strings      0000
__Htext                               text         0000
__L__absolute__                       __absolute__ 0000
__Labs1                               abs1         0000
__Lbank0                              bank0        0000
__Lbank1                              bank1        0000
__Lbank2                              bank2        0000
__Lbank3                              bank3        0000
__LbssBANK0                           bssBANK0     0000
__LbssBANK1                           bssBANK1     0000
__Lcinit                              cinit        07D8
__Lclrtext                            clrtext      0000
__Lcode                               code         0000
__Lcommon                             common       0000
__Lconfig                             config       0000
__LcstackBANK0                        cstackBANK0  0000
__LcstackCOMMON                       cstackCOMMON 0000
__LdataBANK1                          dataBANK1    0000
__Leeprom_data                        eeprom_data  0000
__Lend_init                           end_init     0000
__Lfunctab                            functab      0000
__Lheap                               heap         0110
__LidataBANK1                         idataBANK1   0000
__Linit                               init         0000
__Lintentry                           intentry     0000
__Lmaintext                           maintext     0000
__Lpowerup                            powerup      0000
__Lram                                ram          0000
__Lreset_vec                          reset_vec    0000
__Lsfr0                               sfr0         0000
__Lsfr1                               sfr1         0000
__Lsfr2                               sfr2         0000
__Lsfr3                               sfr3         0000
__Lsivt                               sivt         0000
__Lspace_0                            (abs)        0000
__Lspace_1                            (abs)        0000
__Lspace_2                            (abs)        0000
__Lspace_3                            (abs)        0000
__Lspace_4                            (abs)        0000
__Lstack                              stack        0000
__Lstrings                            strings      0000
__Ltext                               text         0000
__S0                                  (abs)        1000
__S1                                  (abs)        00AB
__S3                                  (abs)        0000
__S7                                  (abs)        0170
___expand_heap                        text12       019F
___expand_heap@n                      cstackCOMMON 0072
___expand_heap@new_brkp               cstackCOMMON 0074
___expand_heap@pn                     cstackCOMMON 0071
___freelist                           bssBANK0     006D
___heap_hi                            heap         0170
___heap_lo                            heap         0110
___int_sp                             stack        0000
___int_stack_hi                       stack        0000
___int_stack_lo                       stack        0000
___latbits                            (abs)        0002
___simple_search_fl                   text11       0652
___simple_search_fl@best              cstackBANK0  002C
___simple_search_fl@best_last         cstackBANK0  0022
___simple_search_fl@c                 cstackBANK0  002A
___simple_search_fl@last              cstackBANK0  0026
___simple_search_fl@n                 cstackCOMMON 0071
___simple_search_fl@next              cstackBANK0  0028
___simple_search_fl@remaining_size    cstackBANK0  0020
___simple_search_fl@split             cstackBANK0  0024
___sp                                 stack        0000
___stack_hi                           stack        0000
___stack_lo                           stack        0000
___stackhi                            (abs)        0000
___stacklo                            (abs)        0000
___wmul                               text13       00AF
___wmul@multiplicand                  cstackCOMMON 0073
___wmul@multiplier                    cstackCOMMON 0071
___wmul@product                       cstackCOMMON 0075
__end_ofChangeOfCoordinates@delay     strings      080A
__end_of_ChangeOfCoordinates          text5        049A
__end_of_MatrixInit                   text4        0114
__end_of_MovieDown                    text23       002F
__end_of_MovieLeft                    text22       1000
__end_of_MovieRigth                   text21       0FE4
__end_of_MovieShape                   text15       0295
__end_of_MovieUp                      text20       0071
__end_of_PortBInit                    text3        000A
__end_of_Reverse                      text14       0157
__end_of_Rotate                       text6        03D3
__end_of_SendToSegment                text18       0042
__end_of_SetPosition                  text2        008E
__end_of_ShowShape                    text17       0316
__end_of_SpiClearMatrix               text16       0058
__end_of_SpiInit                      text1        001C
__end_of_SpiSendByte                  text19       0FEF
__end_of___expand_heap                text12       01EC
__end_of___simple_search_fl           text11       07D8
__end_of___wmul                       text13       00D4
__end_of__initialization              cinit        07FC
__end_of__stringtab                   strings      0806
__end_of_calloc                       text8        019F
__end_of_free                         text7        0652
__end_of_main                         maintext     0239
__end_of_malloc                       text10       0564
__end_of_memset                       text9        00AF
__initialization                      cinit        07D8
__pbssBANK0                           bssBANK0     0069
__pbssBANK1                           bssBANK1     00A0
__pcstackBANK0                        cstackBANK0  0020
__pcstackCOMMON                       cstackCOMMON 0071
__pdataBANK1                          dataBANK1    00A8
__pidataBANK1                         idataBANK1   0FD6
__pmaintext                           maintext     01EC
__pstrings                            strings      0800
__ptext1                              text1        000A
__ptext10                             text10       049A
__ptext11                             text11       0652
__ptext12                             text12       019F
__ptext13                             text13       00AF
__ptext14                             text14       0114
__ptext15                             text15       0239
__ptext16                             text16       0042
__ptext17                             text17       0295
__ptext18                             text18       002F
__ptext19                             text19       0FE4
__ptext2                              text2        0071
__ptext20                             text20       0058
__ptext21                             text21       0FD9
__ptext22                             text22       0FEF
__ptext23                             text23       001C
__ptext3                              text3        0003
__ptext4                              text4        00D4
__ptext5                              text5        03D3
__ptext6                              text6        0316
__ptext7                              text7        0564
__ptext8                              text8        0157
__ptext9                              text9        008E
__stringbase                          strings      0805
__stringtab                           strings      0800
_brkp                                 bssBANK0     0069
_calloc                               text8        0157
_errno                                bssBANK1     00A6
_free                                 text7        0564
_main                                 maintext     01EC
_malloc                               text10       049A
_memset                               text9        008E
btemp                                 (abs)        007E
calloc@new_ptr                        cstackBANK0  003C
calloc@nmemb                          cstackBANK0  0038
calloc@size                           cstackBANK0  003A
end_of_initialization                 cinit        07FC
free@c                                cstackCOMMON 007B
free@cptr                             cstackCOMMON 0079
free@ptr                              cstackCOMMON 0071
intlevel0                             functab      0000
intlevel1                             functab      0000
intlevel2                             functab      0000
intlevel3                             functab      0000
intlevel4                             functab      0000
intlevel5                             functab      0000
main@F928                             dataBANK1    00A8
main@countElemntArray                 cstackBANK0  0062
main@reverse                          cstackBANK0  0064
main@shapePosition                    cstackBANK0  0065
main@square_1                         cstackBANK0  005F
malloc@cur                            bssBANK0     006B
malloc@end                            bssBANK1     00A4
malloc@lock                           bssBANK1     00A0
malloc@m                              cstackBANK0  002E
malloc@n                              cstackCOMMON 0079
malloc@new                            cstackBANK0  0036
malloc@p                              cstackBANK0  0034
malloc@size                           cstackBANK0  0032
malloc@sz                             cstackBANK0  0030
memset@c                              cstackCOMMON 0079
memset@dest                           cstackCOMMON 0077
memset@n                              cstackCOMMON 007B
memset@p                              cstackBANK0  0020
reset_vec                             reset_vec    0000
start                                 init         0000
start_initialization                  cinit        07D8
wtemp0                                (abs)        007E


MODULE INFORMATION

Module		Function		Class		Link	Load	Size
/opt/microchip/xc8/v2.50/pic/sources/c99/common/lite_malloc.c
		_malloc        		CODE           	049A	0000	202

/opt/microchip/xc8/v2.50/pic/sources/c99/common/lite_malloc.c estimated size: 202

/opt/microchip/xc8/v2.50/pic/sources/c99/common/memset.c
		_memset        		CODE           	008E	0000	33

/opt/microchip/xc8/v2.50/pic/sources/c99/common/memset.c estimated size: 33

matrix.c
		_SendToSegment 		CODE           	002F	0000	19
		_MatrixInit    		CODE           	00D4	0000	64
		_SpiClearMatrix		CODE           	0042	0000	22

matrix.c estimated size: 105

/opt/microchip/xc8/v2.50/pic/sources/c99/common/Umul16.c
		___wmul        		CODE           	00AF	0000	37

/opt/microchip/xc8/v2.50/pic/sources/c99/common/Umul16.c estimated size: 37

/opt/microchip/xc8/v2.50/pic/sources/c99/common/lite_free.c
		___simple_search_fl		CODE           	0652	0000	390
		_free          		CODE           	0564	0000	238

/opt/microchip/xc8/v2.50/pic/sources/c99/common/lite_free.c estimated size: 628

spi.c
		_SpiInit       		CODE           	000A	0000	18
		_SpiSendByte   		CODE           	0FE4	0000	11

spi.c estimated size: 29

shared
		__stringtab    		STRING         	0800	0000	6
		__initialization		CODE           	07D8	0000	36
		ChangeOfCoordinates@delay		STRING         	0000	0000	0

shared estimated size: 42

shape.c
		_MovieUp       		CODE           	0058	0000	25
		_MovieRigth    		CODE           	0FD9	0000	11
		_Rotate        		CODE           	0316	0000	189
		_MovieLeft     		CODE           	0FEF	0000	17
		_MovieDown     		CODE           	001C	0000	19
		_Reverse       		CODE           	0114	0000	67
		_MovieShape    		CODE           	0239	0000	92
		_SetPosition   		CODE           	0071	0000	29
		_ShowShape     		CODE           	0295	0000	129

shape.c estimated size: 578

portsinit.c
		_PortBInit     		CODE           	0003	0000	7

portsinit.c estimated size: 7

/opt/microchip/xc8/v2.50/pic/sources/c99/common/lite_calloc.c
		_calloc        		CODE           	0157	0000	72

/opt/microchip/xc8/v2.50/pic/sources/c99/common/lite_calloc.c estimated size: 72

/opt/microchip/xc8/v2.50/pic/sources/c99/common/expand_heap.c
		___expand_heap 		CODE           	019F	0000	77

/opt/microchip/xc8/v2.50/pic/sources/c99/common/expand_heap.c estimated size: 77

main.c
		_main          		CODE           	01EC	0000	77
		_ChangeOfCoordinates		CODE           	03D3	0000	199

main.c estimated size: 276

