Microchip MPLAB XC8 Compiler V2.50

Linker command line:

-W-3 --edf=/opt/microchip/xc8/v2.50/pic/dat/20240725155939_en.msgs -cn \
  -h+dist/default/production/16f876_SPI_MAX7219.X.production.sym \
  --cmf=dist/default/production/16f876_SPI_MAX7219.X.production.cmf -z \
  -Q16F876 -o/tmp/xcXPhGDji/driver_tmp_3.o --defsym=__MPLAB_BUILD=1 \
  --fixupoverflow=error \
  -Mdist/default/production/16f876_SPI_MAX7219.X.production.map \
  --md=/tmp/xcXPhGDji/driver_tmp_0.dat -E1 -ver=XC8 Compiler --acfsm=1493 \
  -ACODE=00h-07FFhx4 -ASTRCODE=00h-01FFFh -ASTRING=00h-0FFhx32 \
  -ACONST=00h-0FFhx32 -AENTRY=00h-0FFhx32 -ACOMMON=070h-07Fh \
  -ABANK0=020h-06Fh -ABANK1=0A0h-0EFh -ABANK2=0110h-016Fh \
  -ABANK3=0190h-01EFh -ARAM=020h-06Fh,0A0h-0EFh,0110h-016Fh,0190h-01EFh \
  -AABS1=020h-07Fh,0A0h-0EFh,0110h-016Fh,0190h-01EFh -ASFR0=00h-01Fh \
  -ASFR1=080h-09Fh -ASFR2=0100h-010Fh -ASFR3=0180h-018Fh \
  -ACONFIG=02007h-02007h -DCONFIG=2 -AIDLOC=02000h-02003h -DIDLOC=2 \
  -AEEDATA=00h-0FFh/02100h -peeprom_data=EEDATA -DEEDATA=2 -DCODE=2 \
  -DSTRCODE=2 -DSTRING=2 -DCONST=2 -DENTRY=2 \
  -preset_vec=00h,intentry,sivt,init,end_init -ppowerup=CODE -pcinit=CODE \
  -pfunctab=ENTRY -k /tmp/xcXPhGDji/driver_tmp_12.o \
  dist/default/production/16f876_SPI_MAX7219.X.production.o 

Object code version is 3.11

Machine type is 16F876



                Name                               Link     Load   Length Selector   Space Scale
/tmp/xcXPhGDji/driver_tmp_12.o
                end_init                              0        0        3        0       0
                config                             2007     2007        1        0       4
dist/default/production/16f876_SPI_MAX7219.X.production.o
                cinit                               7EA      7EA       16      FD4       0
                config                             2007     2007        1        0       4
                text15                              530      530       13      A60       0
                text14                              50D      50D       11      A1A       0
                text13                              4F7      4F7        B      9EE       0
                text12                              56C      56C       19      AD8       0
                text11                              502      502        B      A04       0
                text10                              543      543       13      A86       0
                text9                               6CD      6CD       81      D9A       0
                text8                               556      556       16      AAC       0
                text7                               671      671       5C      CE2       0
                text6                               74E      74E       9C      E9C       0
                text5                               5A2      5A2       40      B44       0
                text4                               4F0      4F0        7      9E0       0
                text3                               585      585       1D      B0A       0
                text2                               51E      51E       12      A3C       0
                text1                               5E2      5E2       43      BC4       0
                maintext                            625      625       4C      C4A       0
                cstackBANK0                          20       20       21       20       1
                cstackCOMMON                         70       70        E       70       1
                dataBANK0                            41       41        3       20       1
                strings                               3        3        A        6       0
                idataBANK0                          4ED      4ED        3      9DA       0

TOTAL           Name                               Link     Load   Length     Space
        CLASS   CODE           
                end_init                              0        0        3         0
                cinit                               7EA      7EA       16         0
                text15                              530      530       13         0
                text14                              50D      50D       11         0
                text13                              4F7      4F7        B         0
                text12                              56C      56C       19         0
                text11                              502      502        B         0
                text10                              543      543       13         0
                text9                               6CD      6CD       81         0
                text8                               556      556       16         0
                text7                               671      671       5C         0
                text6                               74E      74E       9C         0
                text5                               5A2      5A2       40         0
                text4                               4F0      4F0        7         0
                text3                               585      585       1D         0
                text2                               51E      51E       12         0
                text1                               5E2      5E2       43         0
                maintext                            625      625       4C         0
                idataBANK0                          4ED      4ED        3         0

        CLASS   STRCODE        

        CLASS   STRING         
                strings                               3        3        A         0

        CLASS   CONST          

        CLASS   ENTRY          

        CLASS   COMMON         
                cstackCOMMON                         70       70        E         1

        CLASS   BANK0          
                cstackBANK0                          20       20       21         1
                dataBANK0                            41       41        3         1

        CLASS   BANK1          

        CLASS   BANK2          

        CLASS   BANK3          

        CLASS   RAM            

        CLASS   ABS1           
                abs_s1                               7E       7E        2         1

        CLASS   SFR0           

        CLASS   SFR1           

        CLASS   SFR2           

        CLASS   SFR3           

        CLASS   CONFIG         
                config                             2007     2007        1         4

        CLASS   IDLOC          

        CLASS   EEDATA         

        CLASS   HEAP           

        CLASS   STACK          



SEGMENTS        Name                           Load    Length   Top    Selector   Space  Class     Delta

                text14                         00050D  000011  00051E       A1A       0  CODE        2
                text15                         000530  000013  000543       A60       0  CODE        2
                text2                          00051E  000012  000530       A3C       0  CODE        2
                text11                         000502  00000B  00050D       A04       0  CODE        2
                reset_vec                      000000  000003  000003         0       0  CODE        2
                text13                         0004F7  00000B  000502       9EE       0  CODE        2
                text10                         000543  000013  000556       A86       0  CODE        2
                text8                          000556  000016  00056C       AAC       0  CODE        2
                text12                         00056C  000019  000585       AD8       0  CODE        2
                strings                        000003  00000A  00000D         6       0  STRING      2
                idataBANK0                     0004ED  000003  0004F0       9DA       0  CODE        2
                text4                          0004F0  000007  0004F7       9E0       0  CODE        2
                text6                          00074E  00009C  0007EA       E9C       0  CODE        2
                cstackBANK0                    000020  000024  000044        20       1  BANK0       1
                cinit                          0007EA  000016  000800       FD4       0  CODE        2
                cstackCOMMON                   000070  00000E  00007E        70       1  COMMON      1
                text9                          0006CD  000081  00074E       D9A       0  CODE        2
                text5                          0005A2  000040  0005E2       B44       0  CODE        2
                text3                          000585  00001D  0005A2       B0A       0  CODE        2
                text1                          0005E2  000043  000625       BC4       0  CODE        2
                text7                          000671  00005C  0006CD       CE2       0  CODE        2
                maintext                       000625  00004C  000671       C4A       0  CODE        2


UNUSED ADDRESS RANGES

        Name                Unused          Largest block    Delta
        BANK0            0044-006F             2C           1
        BANK1            00A0-00EF             50           1
        BANK2            0110-016F             60           1
        BANK3            0190-01EF             60           1
        CODE             000D-04EC            4E0           2
                         0800-1FFF            800
        CONST            000D-04EC            100           2
                         0800-1FFF            100
        EEDATA           2100-21FF            100           2
        ENTRY            000D-04EC            100           2
                         0800-1FFF            100
        IDLOC            2000-2003              4           2
        RAM              0044-006F             2C           1
                         00A0-00EF             50
                         0110-016F             60
                         0190-01EF             60
        SFR0             0000-001F             20           1
        SFR1             0080-009F             20           1
        SFR2             0100-010F             10           1
        SFR3             0180-018F             10           1
        STRCODE          000D-04EC            4E0           2
                         0800-1FFF           1800
        STRING           000D-04EC            100           2
                         0800-1FFF            100

                                  Symbol Table

ChangeOfCoordinates@_countElemntArray cstackBANK0  002F
ChangeOfCoordinates@_figure           cstackBANK0  002E
ChangeOfCoordinates@_shapePosition    cstackBANK0  002C
ChangeOfCoordinates@i                 cstackBANK0  0036
ChangeOfCoordinates@step              cstackBANK0  0034
MovieDown@_shapePosition              cstackCOMMON 0070
MovieLeft@_shapePosition              cstackCOMMON 0070
MovieRigth@_shapePosition             cstackCOMMON 0070
MovieShape@_shapePosition             cstackBANK0  0024
MovieShape@countElemntArray           cstackBANK0  0027
MovieShape@dir                        cstackBANK0  002B
MovieShape@shapeArray                 cstackBANK0  0026
MovieUp@_shapePosition                cstackCOMMON 0070
SendToSegment@data                    cstackCOMMON 0073
SendToSegment@segment                 cstackCOMMON 0071
SetPosition@position                  cstackCOMMON 0070
SetPosition@x                         cstackCOMMON 0072
SetPosition@y                         cstackCOMMON 0074
ShowShape@_pos                        cstackBANK0  0020
ShowShape@coord                       cstackCOMMON 0074
ShowShape@countElemntArray            cstackCOMMON 0076
ShowShape@pos                         cstackBANK0  0022
ShowShape@shapeArray                  cstackCOMMON 0078
SpiClearMatrix@i                      cstackCOMMON 0076
SpiSendByte@data                      cstackCOMMON 0070
_ChangeOfCoordinates                  text6        074E
_MatrixInit                           text5        05A2
_MovieDown                            text15       0530
_MovieLeft                            text14       050D
_MovieRigth                           text13       04F7
_MovieShape                           text7        0671
_MovieUp                              text12       056C
_PORTA                                (abs)        0005
_PORTB                                (abs)        0006
_PortBInit                            text4        04F0
_RA5                                  (abs)        002D
_SSPBUF                               (abs)        0013
_SSPCON                               (abs)        0014
_SSPIF                                (abs)        0063
_SSPSTAT                              (abs)        0094
_SendToSegment                        text10       0543
_SetPosition                          text3        0585
_ShowShape                            text9        06CD
_SpiClearMatrix                       text8        0556
_SpiInit                              text2        051E
_SpiSendByte                          text11       0502
_TRISA                                (abs)        0085
_TRISB                                (abs)        0086
_TRISC                                (abs)        0087
__H__absolute__                       __absolute__ 0000
__Habs1                               abs1         0000
__Hbank0                              bank0        0000
__Hbank1                              bank1        0000
__Hbank2                              bank2        0000
__Hbank3                              bank3        0000
__Hcinit                              cinit        0800
__Hclrtext                            clrtext      0000
__Hcode                               code         0000
__Hcommon                             common       0000
__Hconfig                             config       2008
__HcstackBANK0                        cstackBANK0  0000
__HcstackCOMMON                       cstackCOMMON 0000
__HdataBANK0                          dataBANK0    0000
__Heeprom_data                        eeprom_data  0000
__Hend_init                           end_init     0003
__Hfunctab                            functab      0000
__Hheap                               heap         0000
__HidataBANK0                         idataBANK0   0000
__Hinit                               init         0000
__Hintentry                           intentry     0000
__Hmaintext                           maintext     0000
__Hpowerup                            powerup      0000
__Hram                                ram          0000
__Hreset_vec                          reset_vec    0000
__Hsfr0                               sfr0         0000
__Hsfr1                               sfr1         0000
__Hsfr2                               sfr2         0000
__Hsfr3                               sfr3         0000
__Hsivt                               sivt         0000
__Hspace_0                            (abs)        0800
__Hspace_1                            (abs)        007E
__Hspace_2                            (abs)        0000
__Hspace_3                            (abs)        0000
__Hspace_4                            (abs)        400F
__Hstack                              stack        0000
__Hstrings                            strings      0000
__Htext                               text         0000
__L__absolute__                       __absolute__ 0000
__Labs1                               abs1         0000
__Lbank0                              bank0        0000
__Lbank1                              bank1        0000
__Lbank2                              bank2        0000
__Lbank3                              bank3        0000
__Lcinit                              cinit        07EA
__Lclrtext                            clrtext      0000
__Lcode                               code         0000
__Lcommon                             common       0000
__Lconfig                             config       0000
__LcstackBANK0                        cstackBANK0  0000
__LcstackCOMMON                       cstackCOMMON 0000
__LdataBANK0                          dataBANK0    0000
__Leeprom_data                        eeprom_data  0000
__Lend_init                           end_init     0000
__Lfunctab                            functab      0000
__Lheap                               heap         0000
__LidataBANK0                         idataBANK0   0000
__Linit                               init         0000
__Lintentry                           intentry     0000
__Lmaintext                           maintext     0000
__Lpowerup                            powerup      0000
__Lram                                ram          0000
__Lreset_vec                          reset_vec    0000
__Lsfr0                               sfr0         0000
__Lsfr1                               sfr1         0000
__Lsfr2                               sfr2         0000
__Lsfr3                               sfr3         0000
__Lsivt                               sivt         0000
__Lspace_0                            (abs)        0000
__Lspace_1                            (abs)        0000
__Lspace_2                            (abs)        0000
__Lspace_3                            (abs)        0000
__Lspace_4                            (abs)        0000
__Lstack                              stack        0000
__Lstrings                            strings      0000
__Ltext                               text         0000
__S0                                  (abs)        0800
__S1                                  (abs)        007E
__S3                                  (abs)        0000
___heap_hi                            (abs)        0000
___heap_lo                            (abs)        0000
___int_sp                             stack        0000
___int_stack_hi                       stack        0000
___int_stack_lo                       stack        0000
___latbits                            (abs)        0002
___sp                                 stack        0000
___stack_hi                           stack        0000
___stack_lo                           stack        0000
___stackhi                            (abs)        0000
___stacklo                            (abs)        0000
__end_ofChangeOfCoordinates@delay     strings      000D
__end_of_ChangeOfCoordinates          text6        07EA
__end_of_MatrixInit                   text5        05E2
__end_of_MovieDown                    text15       0543
__end_of_MovieLeft                    text14       051E
__end_of_MovieRigth                   text13       0502
__end_of_MovieShape                   text7        06CD
__end_of_MovieUp                      text12       0585
__end_of_PortBInit                    text4        04F7
__end_of_SendToSegment                text10       0556
__end_of_SetPosition                  text3        05A2
__end_of_ShowShape                    text9        074E
__end_of_SpiClearMatrix               text8        056C
__end_of_SpiInit                      text2        0530
__end_of_SpiSendByte                  text11       050D
__end_of__initialization              cinit        07FC
__end_of__stringtab                   strings      0009
__end_of_invert                       text1        0625
__end_of_main                         maintext     0671
__initialization                      cinit        07EA
__pcstackBANK0                        cstackBANK0  0020
__pcstackCOMMON                       cstackCOMMON 0070
__pdataBANK0                          dataBANK0    0041
__pidataBANK0                         idataBANK0   04ED
__pmaintext                           maintext     0625
__pstrings                            strings      0003
__ptext1                              text1        05E2
__ptext10                             text10       0543
__ptext11                             text11       0502
__ptext12                             text12       056C
__ptext13                             text13       04F7
__ptext14                             text14       050D
__ptext15                             text15       0530
__ptext2                              text2        051E
__ptext3                              text3        0585
__ptext4                              text4        04F0
__ptext5                              text5        05A2
__ptext6                              text6        074E
__ptext7                              text7        0671
__ptext8                              text8        0556
__ptext9                              text9        06CD
__stringbase                          strings      0008
__stringtab                           strings      0003
_invert                               text1        05E2
_main                                 maintext     0625
btemp                                 (abs)        007E
end_of_initialization                 cinit        07FC
intlevel0                             functab      0000
intlevel1                             functab      0000
intlevel2                             functab      0000
intlevel3                             functab      0000
intlevel4                             functab      0000
intlevel5                             functab      0000
invert@array                          cstackCOMMON 0070
invert@countElemnt                    cstackCOMMON 0071
invert@i                              cstackCOMMON 0077
invert@j                              cstackCOMMON 0079
invert@t                              cstackCOMMON 0076
main@F927                             dataBANK0    0041
main@countElemntArray                 cstackBANK0  003B
main@shapePosition                    cstackBANK0  003D
main@square_1                         cstackBANK0  0038
reset_vec                             reset_vec    0000
start                                 init         0000
start_initialization                  cinit        07EA
wtemp0                                (abs)        007E


MODULE INFORMATION

Module		Function		Class		Link	Load	Size
matrix.c
		_SendToSegment 		CODE           	0543	0000	19
		_MatrixInit    		CODE           	05A2	0000	64
		_SpiClearMatrix		CODE           	0556	0000	22

matrix.c estimated size: 105

spi.c
		_SpiInit       		CODE           	051E	0000	18
		_SpiSendByte   		CODE           	0502	0000	11

spi.c estimated size: 29

shared
		__stringtab    		STRING         	0003	0000	6
		__initialization		CODE           	07EA	0000	18
		ChangeOfCoordinates@delay		STRING         	0000	0000	0

shared estimated size: 24

shape.c
		_MovieUp       		CODE           	056C	0000	25
		_MovieRigth    		CODE           	04F7	0000	11
		_MovieLeft     		CODE           	050D	0000	17
		_MovieDown     		CODE           	0530	0000	19
		_MovieShape    		CODE           	0671	0000	92
		_SetPosition   		CODE           	0585	0000	29
		_ShowShape     		CODE           	06CD	0000	129

shape.c estimated size: 322

portsinit.c
		_PortBInit     		CODE           	04F0	0000	7

portsinit.c estimated size: 7

main.c
		_main          		CODE           	0625	0000	76
		_invert        		CODE           	05E2	0000	67
		_ChangeOfCoordinates		CODE           	074E	0000	156

main.c estimated size: 299

