Microchip MPLAB XC8 Compiler V2.50

Linker command line:

-W-3 --edf=/opt/microchip/xc8/v2.50/pic/dat/20240725155939_en.msgs -cn \
  -h+dist/default/production/16f876_Matr_8x8_dig.X.production.sym \
  --cmf=dist/default/production/16f876_Matr_8x8_dig.X.production.cmf -z \
  -Q16F876 -o/tmp/xcXhGPGln/driver_tmp_3.o --defsym=__MPLAB_BUILD=1 \
  --fixupoverflow=error \
  -Mdist/default/production/16f876_Matr_8x8_dig.X.production.map \
  --md=/tmp/xcXhGPGln/driver_tmp_0.dat -E1 -ver=XC8 Compiler --acfsm=1493 \
  -ACODE=00h-07FFhx4 -ASTRCODE=00h-01FFFh -ASTRING=00h-0FFhx32 \
  -ACONST=00h-0FFhx32 -AENTRY=00h-0FFhx32 -ACOMMON=070h-07Fh \
  -ABANK0=020h-06Fh -ABANK1=0A0h-0EFh -ABANK2=0110h-016Fh \
  -ABANK3=0190h-01EFh -ARAM=020h-06Fh,0A0h-0EFh,0110h-016Fh,0190h-01EFh \
  -AABS1=020h-07Fh,0A0h-0EFh,0110h-016Fh,0190h-01EFh -ASFR0=00h-01Fh \
  -ASFR1=080h-09Fh -ASFR2=0100h-010Fh -ASFR3=0180h-018Fh \
  -ACONFIG=02007h-02007h -DCONFIG=2 -AIDLOC=02000h-02003h -DIDLOC=2 \
  -AEEDATA=00h-0FFh/02100h -peeprom_data=EEDATA -DEEDATA=2 -DCODE=2 \
  -DSTRCODE=2 -DSTRING=2 -DCONST=2 -DENTRY=2 \
  -preset_vec=00h,intentry,sivt,init,end_init -ppowerup=CODE -pcinit=CODE \
  -pfunctab=ENTRY -k /tmp/xcXhGPGln/driver_tmp_12.o \
  dist/default/production/16f876_Matr_8x8_dig.X.production.o 

Object code version is 3.11

Machine type is 16F876



                Name                               Link     Load   Length Selector   Space Scale
/tmp/xcXhGPGln/driver_tmp_12.o
                end_init                              0        0        3        0       0
                config                             2007     2007        1        0       4
dist/default/production/16f876_Matr_8x8_dig.X.production.o
                cinit                               7FC      7FC        4      FF8       0
                config                             2007     2007        1        0       4
                text8                               682      682        B      D04       0
                text7                               69F      69F       13      D3E       0
                text6                               6B2      6B2       16      D64       0
                text5                               6E5      6E5       40      DCA       0
                text4                               67B      67B        7      CF6       0
                text3                               6C8      6C8       1D      D90       0
                text2                               77A      77A       82      EF4       0
                text1                               68D      68D       12      D1A       0
                maintext                            725      725       55      E4A       0
                cstackBANK0                          20       20        B       20       1
                cstackCOMMON                         70       70        E       70       1
                strings                               3        3       76        6       0

TOTAL           Name                               Link     Load   Length     Space
        CLASS   CODE           
                end_init                              0        0        3         0
                cinit                               7FC      7FC        4         0
                text8                               682      682        B         0
                text7                               69F      69F       13         0
                text6                               6B2      6B2       16         0
                text5                               6E5      6E5       40         0
                text4                               67B      67B        7         0
                text3                               6C8      6C8       1D         0
                text2                               77A      77A       82         0
                text1                               68D      68D       12         0
                maintext                            725      725       55         0

        CLASS   STRCODE        

        CLASS   STRING         
                strings                               3        3       76         0

        CLASS   CONST          

        CLASS   ENTRY          

        CLASS   COMMON         
                cstackCOMMON                         70       70        E         1

        CLASS   BANK0          
                cstackBANK0                          20       20        B         1

        CLASS   BANK1          

        CLASS   BANK2          

        CLASS   BANK3          

        CLASS   RAM            

        CLASS   ABS1           
                abs_s1                               7E       7E        2         1

        CLASS   SFR0           

        CLASS   SFR1           

        CLASS   SFR2           

        CLASS   SFR3           

        CLASS   CONFIG         
                config                             2007     2007        1         4

        CLASS   IDLOC          

        CLASS   EEDATA         

        CLASS   HEAP           

        CLASS   STACK          



SEGMENTS        Name                           Load    Length   Top    Selector   Space  Class     Delta

                text6                          0006B2  000016  0006C8       D64       0  CODE        2
                text5                          0006E5  000040  000725       DCA       0  CODE        2
                text3                          0006C8  00001D  0006E5       D90       0  CODE        2
                reset_vec                      000000  000003  000003         0       0  CODE        2
                text7                          00069F  000013  0006B2       D3E       0  CODE        2
                maintext                       000725  000055  00077A       E4A       0  CODE        2
                strings                        000003  000076  000079         6       0  STRING      2
                text8                          000682  00000B  00068D       D04       0  CODE        2
                text4                          00067B  000007  000682       CF6       0  CODE        2
                text1                          00068D  000012  00069F       D1A       0  CODE        2
                cstackBANK0                    000020  00000B  00002B        20       1  BANK0       1
                cinit                          0007FC  000004  000800       FF8       0  CODE        2
                cstackCOMMON                   000070  00000E  00007E        70       1  COMMON      1
                text2                          00077A  000082  0007FC       EF4       0  CODE        2


UNUSED ADDRESS RANGES

        Name                Unused          Largest block    Delta
        BANK0            002B-006F             45           1
        BANK1            00A0-00EF             50           1
        BANK2            0110-016F             60           1
        BANK3            0190-01EF             60           1
        CODE             0079-067A            602           2
                         0800-1FFF            800
        CONST            0079-067A            100           2
                         0800-1FFF            100
        EEDATA           2100-21FF            100           2
        ENTRY            0079-067A            100           2
                         0800-1FFF            100
        IDLOC            2000-2003              4           2
        RAM              002B-006F             45           1
                         00A0-00EF             50
                         0110-016F             60
                         0190-01EF             60
        SFR0             0000-001F             20           1
        SFR1             0080-009F             20           1
        SFR2             0100-010F             10           1
        SFR3             0180-018F             10           1
        STRCODE          0079-067A            602           2
                         0800-1FFF           1800
        STRING           0079-067A            100           2
                         0800-1FFF            100

                                  Symbol Table

MatrixClear@i                cstackCOMMON 0076
MatrixSendToSegment@data     cstackCOMMON 0073
MatrixSendToSegment@segment  cstackCOMMON 0071
SetPosition@position         cstackCOMMON 0070
SetPosition@x                cstackCOMMON 0072
SetPosition@y                cstackCOMMON 0074
ShowShape@_pos               cstackBANK0  0020
ShowShape@coord              cstackCOMMON 0074
ShowShape@countElemntArray   cstackCOMMON 0076
ShowShape@pos                cstackBANK0  0022
ShowShape@shapeArray         cstackCOMMON 0078
SpiSendByte@data             cstackCOMMON 0070
_MatrixClear                 text6        06B2
_MatrixInit                  text5        06E5
_MatrixSendToSegment         text7        069F
_PORTA                       (abs)        0005
_PORTB                       (abs)        0006
_PortBInit                   text4        067B
_RA5                         (abs)        002D
_SSPBUF                      (abs)        0013
_SSPCON                      (abs)        0014
_SSPIF                       (abs)        0063
_SSPSTAT                     (abs)        0094
_SetPosition                 text3        06C8
_ShowShape                   text2        077A
_SpiInit                     text1        068D
_SpiSendByte                 text8        0682
_TRISA                       (abs)        0085
_TRISB                       (abs)        0086
_TRISC                       (abs)        0087
__H__absolute__              __absolute__ 0000
__Habs1                      abs1         0000
__Hbank0                     bank0        0000
__Hbank1                     bank1        0000
__Hbank2                     bank2        0000
__Hbank3                     bank3        0000
__Hcinit                     cinit        0800
__Hclrtext                   clrtext      0000
__Hcode                      code         0000
__Hcommon                    common       0000
__Hconfig                    config       2008
__HcstackBANK0               cstackBANK0  0000
__HcstackCOMMON              cstackCOMMON 0000
__Heeprom_data               eeprom_data  0000
__Hend_init                  end_init     0003
__Hfunctab                   functab      0000
__Hheap                      heap         0000
__Hinit                      init         0000
__Hintentry                  intentry     0000
__Hmaintext                  maintext     0000
__Hpowerup                   powerup      0000
__Hram                       ram          0000
__Hreset_vec                 reset_vec    0000
__Hsfr0                      sfr0         0000
__Hsfr1                      sfr1         0000
__Hsfr2                      sfr2         0000
__Hsfr3                      sfr3         0000
__Hsivt                      sivt         0000
__Hspace_0                   (abs)        0800
__Hspace_1                   (abs)        007E
__Hspace_2                   (abs)        0000
__Hspace_3                   (abs)        0000
__Hspace_4                   (abs)        400F
__Hstack                     stack        0000
__Hstrings                   strings      0000
__Htext                      text         0000
__L__absolute__              __absolute__ 0000
__Labs1                      abs1         0000
__Lbank0                     bank0        0000
__Lbank1                     bank1        0000
__Lbank2                     bank2        0000
__Lbank3                     bank3        0000
__Lcinit                     cinit        07FC
__Lclrtext                   clrtext      0000
__Lcode                      code         0000
__Lcommon                    common       0000
__Lconfig                    config       0000
__LcstackBANK0               cstackBANK0  0000
__LcstackCOMMON              cstackCOMMON 0000
__Leeprom_data               eeprom_data  0000
__Lend_init                  end_init     0000
__Lfunctab                   functab      0000
__Lheap                      heap         0000
__Linit                      init         0000
__Lintentry                  intentry     0000
__Lmaintext                  maintext     0000
__Lpowerup                   powerup      0000
__Lram                       ram          0000
__Lreset_vec                 reset_vec    0000
__Lsfr0                      sfr0         0000
__Lsfr1                      sfr1         0000
__Lsfr2                      sfr2         0000
__Lsfr3                      sfr3         0000
__Lsivt                      sivt         0000
__Lspace_0                   (abs)        0000
__Lspace_1                   (abs)        0000
__Lspace_2                   (abs)        0000
__Lspace_3                   (abs)        0000
__Lspace_4                   (abs)        0000
__Lstack                     stack        0000
__Lstrings                   strings      0000
__Ltext                      text         0000
__S0                         (abs)        0800
__S1                         (abs)        007E
__S3                         (abs)        0000
___heap_hi                   (abs)        0000
___heap_lo                   (abs)        0000
___int_sp                    stack        0000
___int_stack_hi              stack        0000
___int_stack_lo              stack        0000
___latbits                   (abs)        0002
___sp                        stack        0000
___stack_hi                  stack        0000
___stack_lo                  stack        0000
___stackhi                   (abs)        0000
___stacklo                   (abs)        0000
__end_of_MatrixClear         text6        06C8
__end_of_MatrixInit          text5        0725
__end_of_MatrixSendToSegment text7        06B2
__end_of_PortBInit           text4        0682
__end_of_SetPosition         text3        06E5
__end_of_ShowShape           text2        07FC
__end_of_SpiInit             text1        069F
__end_of_SpiSendByte         text8        068D
__end_of__initialization     cinit        07FC
__end_of__stringtab          strings      0009
__end_of_main                maintext     077A
__end_of_simvol_0            strings      0071
__end_of_simvol_1            strings      0069
__end_of_simvol_2            strings      0061
__end_of_simvol_3            strings      0059
__end_of_simvol_4            strings      0079
__end_of_simvol_5            strings      0051
__end_of_simvol_6            strings      0049
__end_of_simvol_7            strings      0041
__end_of_simvol_8            strings      0039
__end_of_simvol_9            strings      0031
__end_of_simvol_d_dot        strings      0029
__end_of_simvol_dash         strings      0011
__end_of_simvol_dot          strings      0019
__end_of_simvol_space        strings      0021
__initialization             cinit        07FC
__pcstackBANK0               cstackBANK0  0020
__pcstackCOMMON              cstackCOMMON 0070
__pmaintext                  maintext     0725
__pstrings                   strings      0003
__ptext1                     text1        068D
__ptext2                     text2        077A
__ptext3                     text3        06C8
__ptext4                     text4        067B
__ptext5                     text5        06E5
__ptext6                     text6        06B2
__ptext7                     text7        069F
__ptext8                     text8        0682
__stringbase                 strings      0008
__stringtab                  strings      0003
_main                        maintext     0725
_simvol_4                    strings      0071
btemp                        (abs)        007E
end_of_initialization        cinit        07FC
intlevel0                    functab      0000
intlevel1                    functab      0000
intlevel2                    functab      0000
intlevel3                    functab      0000
intlevel4                    functab      0000
intlevel5                    functab      0000
main@shapePosition           cstackBANK0  0027
reset_vec                    reset_vec    0000
start                        init         0000
start_initialization         cinit        07FC
wtemp0                       (abs)        007E


MODULE INFORMATION

Module		Function		Class		Link	Load	Size
matrix.c
		_MatrixClear   		CODE           	06B2	0000	22
		_MatrixInit    		CODE           	06E5	0000	64
		_MatrixSendToSegment		CODE           	069F	0000	19

matrix.c estimated size: 105

spi.c
		_SpiInit       		CODE           	068D	0000	18
		_SpiSendByte   		CODE           	0682	0000	11

spi.c estimated size: 29

shared
		_simvol_dot    		STRING         	0000	0000	0
		_simvol_dash   		STRING         	0000	0000	0
		_simvol_space  		STRING         	0000	0000	0
		_simvol_d_dot  		STRING         	0000	0000	0
		__stringtab    		STRING         	0003	0000	6
		__initialization		CODE           	07FC	0000	1
		_simvol_0      		STRING         	0000	0000	0
		_simvol_1      		STRING         	0000	0000	0
		_simvol_2      		STRING         	0000	0000	0
		_simvol_3      		STRING         	0000	0000	0
		_simvol_4      		STRING         	0071	0000	8
		_simvol_5      		STRING         	0000	0000	0
		_simvol_6      		STRING         	0000	0000	0
		_simvol_7      		STRING         	0000	0000	0
		_simvol_8      		STRING         	0000	0000	0
		_simvol_9      		STRING         	0000	0000	0

shared estimated size: 15

shape.c
		_SetPosition   		CODE           	06C8	0000	29
		_ShowShape     		CODE           	077A	0000	130

shape.c estimated size: 159

portsinit.c
		_PortBInit     		CODE           	067B	0000	7

portsinit.c estimated size: 7

main.c
		_main          		CODE           	0725	0000	85

main.c estimated size: 85

